Using database at: ../google_auth/users.db
2025/06/23 19:50:57 ✓ Conexión Redis establecida: localhost:6379
2025/06/23 19:50:57 Database connection established successfully
Bills Management service started on :8091
2025/06/23 19:51:12 🔄 Añadiendo bill acumulativo: user=test_single_fix, amount=100.00, start=2024-07-01, duration=3, method=bank
2025/06/23 19:51:12 🔄 Recalculando balances acumulativos desde 2024-06 para user test_single_fix
2025/06/23 19:51:12 📊 Procesando mes 2024-06 (1/6)
2025/06/23 19:51:12 ✅ Mes 2024-06: cash=500.00, bank=1000.00, prev_cash=0.00, prev_bank=0.00, total=1500.00
2025/06/23 19:51:12 📊 Procesando mes 2024-07 (2/6)
2025/06/23 19:51:12 ✅ Mes 2024-07: cash=1000.00, bank=1900.00, prev_cash=500.00, prev_bank=1000.00, total=2900.00
2025/06/23 19:51:12 📊 Procesando mes 2024-08 (3/6)
2025/06/23 19:51:12 ✅ Mes 2024-08: cash=1500.00, bank=2800.00, prev_cash=1000.00, prev_bank=1900.00, total=4300.00
2025/06/23 19:51:12 📊 Procesando mes 2024-09 (4/6)
2025/06/23 19:51:12 ✅ Mes 2024-09: cash=2000.00, bank=3700.00, prev_cash=1500.00, prev_bank=2800.00, total=5700.00
2025/06/23 19:51:12 📊 Procesando mes 2024-10 (5/6)
2025/06/23 19:51:12 ✅ Mes 2024-10: cash=2500.00, bank=4700.00, prev_cash=2000.00, prev_bank=3700.00, total=7200.00
2025/06/23 19:51:12 📊 Procesando mes 2024-11 (6/6)
2025/06/23 19:51:12 ✅ Mes 2024-11: cash=3000.00, bank=5700.00, prev_cash=2500.00, prev_bank=4700.00, total=8700.00
2025/06/23 19:51:12 ✅ Recálculo acumulativo completado para 6 meses
2025/06/23 19:51:12 🗑️ Cache DELETE: bills:test_single_fix:monthly
2025/06/23 19:51:12 🗑️ Cache DELETE: bills:test_single_fix:daily
2025/06/23 19:51:12 🗑️ Cache DELETE: bills:test_single_fix:weekly
2025/06/23 19:51:12 🗑️ Cache DELETE: dashboard:test_single_fix:monthly
2025/06/23 19:51:12 🗑️ Cache DELETE: dashboard:test_single_fix:daily
2025/06/23 19:51:12 🗑️ Cache DELETE: dashboard:test_single_fix:weekly
2025/06/23 19:51:12 🗑️ Cache DELETE: dashboard:test_single_fix:monthly
2025/06/23 19:51:12 ✅ Cache invalidated for user: test_single_fix (bills and dashboard)
2025/06/23 19:51:13 🔄 Actualizando bill acumulativo: ID=246
2025/06/23 19:51:13 🔄 Revirtiendo bill acumulativo: ID=246, Amount=100.00, Method=bank
2025/06/23 19:51:13 🔄 Recalculando balances acumulativos desde 2024-06 para user test_single_fix
2025/06/23 19:51:13 📊 Procesando mes 2024-06 (1/6)
2025/06/23 19:51:13 ✅ Mes 2024-06: cash=500.00, bank=1000.00, prev_cash=0.00, prev_bank=0.00, total=1500.00
2025/06/23 19:51:13 📊 Procesando mes 2024-07 (2/6)
2025/06/23 19:51:13 ✅ Mes 2024-07: cash=1000.00, bank=2000.00, prev_cash=500.00, prev_bank=1000.00, total=3000.00
2025/06/23 19:51:13 📊 Procesando mes 2024-08 (3/6)
2025/06/23 19:51:13 ✅ Mes 2024-08: cash=1500.00, bank=3000.00, prev_cash=1000.00, prev_bank=2000.00, total=4500.00
2025/06/23 19:51:13 📊 Procesando mes 2024-09 (4/6)
2025/06/23 19:51:13 ✅ Mes 2024-09: cash=2000.00, bank=4000.00, prev_cash=1500.00, prev_bank=3000.00, total=6000.00
2025/06/23 19:51:13 📊 Procesando mes 2024-10 (5/6)
2025/06/23 19:51:13 ✅ Mes 2024-10: cash=2500.00, bank=5000.00, prev_cash=2000.00, prev_bank=4000.00, total=7500.00
2025/06/23 19:51:13 📊 Procesando mes 2024-11 (6/6)
2025/06/23 19:51:13 ✅ Mes 2024-11: cash=3000.00, bank=6000.00, prev_cash=2500.00, prev_bank=5000.00, total=9000.00
2025/06/23 19:51:13 ✅ Recálculo acumulativo completado para 6 meses
2025/06/23 19:51:13 🔄 Añadiendo bill acumulativo: user=test_single_fix, amount=150.00, start=2024-07-01, duration=3, method=bank
2025/06/23 19:51:13 🔄 Recalculando balances acumulativos desde 2024-06 para user test_single_fix
2025/06/23 19:51:13 📊 Procesando mes 2024-06 (1/6)
2025/06/23 19:51:13 ✅ Mes 2024-06: cash=500.00, bank=1000.00, prev_cash=0.00, prev_bank=0.00, total=1500.00
2025/06/23 19:51:13 📊 Procesando mes 2024-07 (2/6)
2025/06/23 19:51:13 ✅ Mes 2024-07: cash=1000.00, bank=1850.00, prev_cash=500.00, prev_bank=1000.00, total=2850.00
2025/06/23 19:51:13 📊 Procesando mes 2024-08 (3/6)
2025/06/23 19:51:13 ✅ Mes 2024-08: cash=1500.00, bank=2700.00, prev_cash=1000.00, prev_bank=1850.00, total=4200.00
2025/06/23 19:51:13 📊 Procesando mes 2024-09 (4/6)
2025/06/23 19:51:13 ✅ Mes 2024-09: cash=2000.00, bank=3550.00, prev_cash=1500.00, prev_bank=2700.00, total=5550.00
2025/06/23 19:51:13 📊 Procesando mes 2024-10 (5/6)
2025/06/23 19:51:13 ✅ Mes 2024-10: cash=2500.00, bank=4550.00, prev_cash=2000.00, prev_bank=3550.00, total=7050.00
2025/06/23 19:51:13 📊 Procesando mes 2024-11 (6/6)
2025/06/23 19:51:13 ✅ Mes 2024-11: cash=3000.00, bank=5550.00, prev_cash=2500.00, prev_bank=4550.00, total=8550.00
2025/06/23 19:51:13 ✅ Recálculo acumulativo completado para 6 meses
2025/06/23 19:51:13 ✅ Bill actualizado correctamente con lógica acumulativa
2025/06/23 19:51:13 Updated bill payments for bill 246 - new period: 3 months starting 2024-07-01
2025/06/23 19:51:13 🗑️ Cache DELETE: bills:test_single_fix:monthly
2025/06/23 19:51:13 🗑️ Cache DELETE: bills:test_single_fix:daily
2025/06/23 19:51:13 🗑️ Cache DELETE: bills:test_single_fix:weekly
2025/06/23 19:51:13 🗑️ Cache DELETE: dashboard:test_single_fix:monthly
2025/06/23 19:51:13 🗑️ Cache DELETE: dashboard:test_single_fix:daily
2025/06/23 19:51:13 🗑️ Cache DELETE: dashboard:test_single_fix:weekly
2025/06/23 19:51:13 🗑️ Cache DELETE: dashboard:test_single_fix:monthly
2025/06/23 19:51:13 ✅ Cache invalidated for user: test_single_fix (bills and dashboard)
