2025/06/23 21:54:49 Using database at: /Users/usuario/Documents/PROYECTOS/herobudgetflutter/hero_budget/backend/google_auth/users.db
2025/06/23 21:54:49 ✓ Conexión Redis establecida: localhost:6379
2025/06/23 21:54:49 Database connection established successfully
2025/06/23 21:54:49 Income Management service started on :8093
2025/06/23 21:55:28 Cascaded balance update for user test_cascade, month 2025-02 - cash delta: 0, bank delta: 500
2025/06/23 21:55:28 Cascaded balance update for user test_cascade, month 2025-03 - cash delta: 0, bank delta: 500
2025/06/23 21:55:28 Cascaded balance update for user test_cascade, month 2025-04 - cash delta: 0, bank delta: 500
2025/06/23 21:55:28 Updated monthly_cash_bank_balance for user test_cascade, month 2025-01 - cash: 0, bank: 500 (with cascade)
2025/06/23 21:55:28 Note: Balance recalculation triggered for userID: test_cascade, date: 2025-01-15
2025/06/23 21:55:28 🗑️ Cache DELETE: income:test_cascade:analytics
2025/06/23 21:55:28 🗑️ Cache DELETE: dashboard:test_cascade:analytics
2025/06/23 21:55:28 🗑️ Cache DELETE: income:test_cascade:monthly
2025/06/23 21:55:28 🗑️ Cache DELETE: income:test_cascade:daily
2025/06/23 21:55:28 🗑️ Cache DELETE: income:test_cascade:weekly
2025/06/23 21:55:28 🗑️ Cache DELETE: dashboard:test_cascade:monthly
2025/06/23 21:55:28 🗑️ Cache DELETE: dashboard:test_cascade:daily
2025/06/23 21:55:28 🗑️ Cache DELETE: dashboard:test_cascade:weekly
2025/06/23 21:55:28 🗑️ Cache DELETE: dashboard:test_cascade:monthly
2025/06/23 21:55:51 Cascaded balance update for user test_cascade, month 2025-03 - cash delta: 250, bank delta: 0
2025/06/23 21:55:51 Cascaded balance update for user test_cascade, month 2025-04 - cash delta: 250, bank delta: 0
2025/06/23 21:55:51 Updated monthly_cash_bank_balance for user test_cascade, month 2025-02 - cash: 250, bank: 0 (with cascade)
2025/06/23 21:55:51 Note: Balance recalculation triggered for userID: test_cascade, date: 2025-02-10
2025/06/23 21:55:51 🗑️ Cache DELETE: income:test_cascade:analytics
2025/06/23 21:55:51 🗑️ Cache DELETE: dashboard:test_cascade:analytics
2025/06/23 21:55:51 🗑️ Cache DELETE: income:test_cascade:monthly
2025/06/23 21:55:51 🗑️ Cache DELETE: income:test_cascade:daily
2025/06/23 21:55:51 🗑️ Cache DELETE: income:test_cascade:weekly
2025/06/23 21:55:51 🗑️ Cache DELETE: dashboard:test_cascade:monthly
2025/06/23 21:55:51 🗑️ Cache DELETE: dashboard:test_cascade:daily
2025/06/23 21:55:51 🗑️ Cache DELETE: dashboard:test_cascade:weekly
2025/06/23 21:55:51 🗑️ Cache DELETE: dashboard:test_cascade:monthly
