2025/06/18 10:43:08 Using database at: /Users/usuario/Documents/PROYECTOS/herobudgetflutter/hero_budget/backend/google_auth/users.db
2025/06/18 10:43:08 Database connection established successfully
2025/06/18 10:43:08 Profile Management service started on :8092
2025/06/18 10:56:22 Updating locale for user ID: 14
2025/06/18 10:56:22 Updating locale for user ID: 14
2025/06/18 10:56:22 Locale updated successfully for user ID: 14
2025/06/18 10:56:22 Locale updated successfully for user ID: 14
2025/06/18 12:13:14 Updating locale for user ID: 14
2025/06/18 12:13:14 Locale updated successfully for user ID: 14
2025/06/18 12:13:14 Updating locale for user ID: 14
2025/06/18 12:13:14 Locale updated successfully for user ID: 14
2025/06/18 13:45:37 Updating locale for user ID: 14
2025/06/18 13:45:37 Updating locale for user ID: 14
2025/06/18 13:45:37 Locale updated successfully for user ID: 14
2025/06/18 13:45:37 Locale updated successfully for user ID: 14
2025/06/18 13:45:40 Updating locale for user ID: 14
2025/06/18 13:45:40 Locale updated successfully for user ID: 14
2025/06/18 13:45:40 Updating locale for user ID: 14
2025/06/18 13:45:40 Locale updated successfully for user ID: 14
2025/06/18 13:45:52 Updating locale for user ID: 14
2025/06/18 13:45:52 Locale updated successfully for user ID: 14
2025/06/18 13:45:52 Updating locale for user ID: 14
2025/06/18 13:45:52 Locale updated successfully for user ID: 14
2025/06/18 13:45:58 Updating locale for user ID: 14
2025/06/18 13:45:58 Locale updated successfully for user ID: 14
2025/06/18 13:45:58 Updating locale for user ID: 14
2025/06/18 13:45:58 Locale updated successfully for user ID: 14
2025/06/18 13:46:03 Updating locale for user ID: 14
2025/06/18 13:46:03 Locale updated successfully for user ID: 14
2025/06/18 13:46:03 Updating locale for user ID: 14
2025/06/18 13:46:03 Locale updated successfully for user ID: 14
2025/06/18 13:46:15 Updating locale for user ID: 14
2025/06/18 13:46:15 Locale updated successfully for user ID: 14
2025/06/18 13:46:15 Updating locale for user ID: 14
2025/06/18 13:46:15 Locale updated successfully for user ID: 14
2025/06/18 13:46:39 Updating locale for user ID: 14
2025/06/18 13:46:39 Locale updated successfully for user ID: 14
2025/06/18 13:46:39 Updating locale for user ID: 14
2025/06/18 13:46:39 Locale updated successfully for user ID: 14
2025/06/18 13:50:46 Updating locale for user ID: 14
2025/06/18 13:50:46 Locale updated successfully for user ID: 14
2025/06/18 13:50:46 Updating locale for user ID: 14
2025/06/18 13:50:46 Locale updated successfully for user ID: 14
2025/06/18 13:50:52 Updating locale for user ID: 14
2025/06/18 13:50:52 Locale updated successfully for user ID: 14
2025/06/18 13:50:52 Updating locale for user ID: 14
2025/06/18 13:50:52 Locale updated successfully for user ID: 14
2025/06/18 13:50:55 Updating locale for user ID: 14
2025/06/18 13:50:55 Locale updated successfully for user ID: 14
2025/06/18 13:50:55 Updating locale for user ID: 14
2025/06/18 13:50:55 Locale updated successfully for user ID: 14
