2025/06/18 13:27:21 Using database at: /Users/usuario/Documents/PROYECTOS/herobudgetflutter/hero_budget/backend/google_auth/users.db
2025/06/18 13:27:21 Database connection established successfully
2025/06/18 13:27:21 Budget Overview Fetch service starting on port 8098
2025/06/18 13:27:27 📊 Balance data found: IncomeBank=100.00, IncomeCash=0.00, ExpenseBank=2.00, ExpenseCash=0.00, BillBank=1.00, BillCash=0.00, TotalBalance=297.00
2025/06/18 13:27:27 🧮 Budget calculation breakdown for period monthly, date 2025-06:
2025/06/18 13:27:27    💰 Total Income: 100.00 (Bank: 100.00 + Cash: 0.00)
2025/06/18 13:27:27    💸 Spent Amount (expenses only): 2.00 (Bank: 2.00 + Cash: 0.00)
2025/06/18 13:27:27    🏷️ Bills Amount: 1.00 (Bank: 1.00 + Cash: 0.00)
2025/06/18 13:27:27    📊 Combined Expense (expenses + bills): 3.00
2025/06/18 13:27:27    💵 Available Balance: 97.00 (Income: 100.00 - Combined Expenses: 3.00)
2025/06/18 13:27:27    📋 Upcoming Bills: 1.00
2025/06/18 13:27:27 💳 Cash/Bank Distribution: Cash=0.00 (0.0%), Bank=297.00 (100.0%), Total=297.00
No savings goal found for user 14: sql: no rows in result set
2025/06/18 13:27:27 📊 Balance data found: IncomeBank=100.00, IncomeCash=0.00, ExpenseBank=2.00, ExpenseCash=0.00, BillBank=1.00, BillCash=0.00, TotalBalance=297.00
2025/06/18 13:27:27 🧮 Budget calculation breakdown for period monthly, date 2025-06:
2025/06/18 13:27:27    💰 Total Income: 100.00 (Bank: 100.00 + Cash: 0.00)
2025/06/18 13:27:27    💸 Spent Amount (expenses only): 2.00 (Bank: 2.00 + Cash: 0.00)
2025/06/18 13:27:27    🏷️ Bills Amount: 1.00 (Bank: 1.00 + Cash: 0.00)
2025/06/18 13:27:27    📊 Combined Expense (expenses + bills): 3.00
2025/06/18 13:27:27    💵 Available Balance: 97.00 (Income: 100.00 - Combined Expenses: 3.00)
2025/06/18 13:27:27    📋 Upcoming Bills: 1.00
2025/06/18 13:27:27 💳 Cash/Bank Distribution: Cash=0.00 (0.0%), Bank=297.00 (100.0%), Total=297.00
No savings goal found for user 14: sql: no rows in result set
2025/06/18 13:27:27 🔍 fetchUpcomingBills for month: 2025-06
2025/06/18 13:27:27 🔍 Query: 
			SELECT 
				b.id, b.name, b.amount, 
				CASE 
					WHEN b.recurring = 1 THEN 
						strftime('%Y-%m-%d', 
							date('2025-06-01', '+' || (b.payment_day - 1) || ' days'))
					ELSE b.due_date 
				END as calculated_due_date,
				COALESCE(bp.paid, 0) as month_paid, 
				b.overdue, b.overdue_days, b.recurring, b.category, b.icon,
				b.start_date, b.duration_months, b.payment_day
			FROM bills b 
			LEFT JOIN bill_payments bp ON b.id = bp.bill_id AND bp.year_month = '2025-06'
			WHERE b.user_id = ? AND (
			(b.recurring = 1 AND 
			 strftime('%Y-%m', b.start_date) <= ? AND 
			 strftime('%Y-%m', date(b.start_date, '+' || (b.duration_months - 1) || ' months')) >= ?) OR
			(b.recurring = 0 AND strftime('%Y-%m', b.due_date) = ?)
		) 
			ORDER BY COALESCE(bp.paid, 0) ASC, calculated_due_date ASC
2025/06/18 13:27:27 🔍 Args: [14 2025-06 2025-06 2025-06]
2025/06/18 13:27:27 🏠 Bill ID=101, Name=Alquiler, Month=2025-06, Paid=false
2025/06/18 13:27:27 📅 Bill ID=101 is overdue by 1 days (due: 2025-06-17, now: 2025-06-18)
2025/06/18 13:27:27 🏠 Bill ID=100, Name=hamburguer, Month=2025-06, Paid=true
2025/06/18 13:27:27 Error parsing base date 2025-06-01 for period monthly: parsing time "2025-06-01-01": extra text: "-01"
2025/06/18 13:27:27 🔍 fetchUpcomingBills for month: 2025-06
2025/06/18 13:27:27 🔍 Query: 
			SELECT 
				b.id, b.name, b.amount, 
				CASE 
					WHEN b.recurring = 1 THEN 
						strftime('%Y-%m-%d', 
							date('2025-06-01', '+' || (b.payment_day - 1) || ' days'))
					ELSE b.due_date 
				END as calculated_due_date,
				COALESCE(bp.paid, 0) as month_paid, 
				b.overdue, b.overdue_days, b.recurring, b.category, b.icon,
				b.start_date, b.duration_months, b.payment_day
			FROM bills b 
			LEFT JOIN bill_payments bp ON b.id = bp.bill_id AND bp.year_month = '2025-06'
			WHERE b.user_id = ? AND (
			(b.recurring = 1 AND 
			 strftime('%Y-%m', b.start_date) <= ? AND 
			 strftime('%Y-%m', date(b.start_date, '+' || (b.duration_months - 1) || ' months')) >= ?) OR
			(b.recurring = 0 AND strftime('%Y-%m', b.due_date) = ?)
		) 
			ORDER BY COALESCE(bp.paid, 0) ASC, calculated_due_date ASC
2025/06/18 13:27:27 🔍 Args: [14 2025-06 2025-06 2025-06]
2025/06/18 13:27:27 🏠 Bill ID=101, Name=Alquiler, Month=2025-06, Paid=false
2025/06/18 13:27:27 📅 Bill ID=101 is overdue by 1 days (due: 2025-06-17, now: 2025-06-18)
2025/06/18 13:27:27 🏠 Bill ID=100, Name=hamburguer, Month=2025-06, Paid=true
2025/06/18 13:27:27 Error parsing base date 2025-06-01 for period monthly: parsing time "2025-06-01-01": extra text: "-01"
2025/06/18 13:27:27 🔍 fetchUpcomingBills for month: 2025-06
2025/06/18 13:27:27 🔍 Query: 
			SELECT 
				b.id, b.name, b.amount, 
				CASE 
					WHEN b.recurring = 1 THEN 
						strftime('%Y-%m-%d', 
							date('2025-06-01', '+' || (b.payment_day - 1) || ' days'))
					ELSE b.due_date 
				END as calculated_due_date,
				COALESCE(bp.paid, 0) as month_paid, 
				b.overdue, b.overdue_days, b.recurring, b.category, b.icon,
				b.start_date, b.duration_months, b.payment_day
			FROM bills b 
			LEFT JOIN bill_payments bp ON b.id = bp.bill_id AND bp.year_month = '2025-06'
			WHERE b.user_id = ? AND (
			(b.recurring = 1 AND 
			 strftime('%Y-%m', b.start_date) <= ? AND 
			 strftime('%Y-%m', date(b.start_date, '+' || (b.duration_months - 1) || ' months')) >= ?) OR
			(b.recurring = 0 AND strftime('%Y-%m', b.due_date) = ?)
		) 
			ORDER BY COALESCE(bp.paid, 0) ASC, calculated_due_date ASC
2025/06/18 13:27:27 🔍 Args: [14 2025-06 2025-06 2025-06]
2025/06/18 13:27:27 🏠 Bill ID=101, Name=Alquiler, Month=2025-06, Paid=false
2025/06/18 13:27:27 📅 Bill ID=101 is overdue by 1 days (due: 2025-06-17, now: 2025-06-18)
2025/06/18 13:27:27 🏠 Bill ID=100, Name=hamburguer, Month=2025-06, Paid=true
2025/06/18 13:27:37 📊 Transaction history retrieved: 4 transactions (incomes + expenses only, bills excluded)
2025/06/18 13:27:37 📊 Transaction history retrieved: 2 transactions (incomes + expenses only, bills excluded)
2025/06/18 13:27:41 🔍 fetchUpcomingBills for month: 2025-06
2025/06/18 13:27:41 🔍 Query: 
			SELECT 
				b.id, b.name, b.amount, 
				CASE 
					WHEN b.recurring = 1 THEN 
						strftime('%Y-%m-%d', 
							date('2025-06-01', '+' || (b.payment_day - 1) || ' days'))
					ELSE b.due_date 
				END as calculated_due_date,
				COALESCE(bp.paid, 0) as month_paid, 
				b.overdue, b.overdue_days, b.recurring, b.category, b.icon,
				b.start_date, b.duration_months, b.payment_day
			FROM bills b 
			LEFT JOIN bill_payments bp ON b.id = bp.bill_id AND bp.year_month = '2025-06'
			WHERE b.user_id = ? AND (
			(b.recurring = 1 AND 
			 strftime('%Y-%m', b.start_date) <= ? AND 
			 strftime('%Y-%m', date(b.start_date, '+' || (b.duration_months - 1) || ' months')) >= ?) OR
			(b.recurring = 0 AND strftime('%Y-%m', b.due_date) = ?)
		) 
			ORDER BY COALESCE(bp.paid, 0) ASC, calculated_due_date ASC
2025/06/18 13:27:41 🔍 Args: [14 2025-06 2025-06 2025-06]
2025/06/18 13:27:41 🏠 Bill ID=101, Name=Alquiler, Month=2025-06, Paid=false
2025/06/18 13:27:41 📅 Bill ID=101 is overdue by 1 days (due: 2025-06-17, now: 2025-06-18)
2025/06/18 13:27:41 🏠 Bill ID=100, Name=hamburguer, Month=2025-06, Paid=true
2025/06/18 13:27:42 📊 Transaction history retrieved: 4 transactions (incomes + expenses only, bills excluded)
2025/06/18 13:27:42 📊 Transaction history retrieved: 2 transactions (incomes + expenses only, bills excluded)
2025/06/18 13:27:43 🔍 fetchUpcomingBills for month: 2025-06
2025/06/18 13:27:43 🔍 Query: 
			SELECT 
				b.id, b.name, b.amount, 
				CASE 
					WHEN b.recurring = 1 THEN 
						strftime('%Y-%m-%d', 
							date('2025-06-01', '+' || (b.payment_day - 1) || ' days'))
					ELSE b.due_date 
				END as calculated_due_date,
				COALESCE(bp.paid, 0) as month_paid, 
				b.overdue, b.overdue_days, b.recurring, b.category, b.icon,
				b.start_date, b.duration_months, b.payment_day
			FROM bills b 
			LEFT JOIN bill_payments bp ON b.id = bp.bill_id AND bp.year_month = '2025-06'
			WHERE b.user_id = ? AND (
			(b.recurring = 1 AND 
			 strftime('%Y-%m', b.start_date) <= ? AND 
			 strftime('%Y-%m', date(b.start_date, '+' || (b.duration_months - 1) || ' months')) >= ?) OR
			(b.recurring = 0 AND strftime('%Y-%m', b.due_date) = ?)
		) 
			ORDER BY COALESCE(bp.paid, 0) ASC, calculated_due_date ASC
2025/06/18 13:27:43 🔍 Args: [14 2025-06 2025-06 2025-06]
2025/06/18 13:27:43 🏠 Bill ID=101, Name=Alquiler, Month=2025-06, Paid=false
2025/06/18 13:27:43 📅 Bill ID=101 is overdue by 1 days (due: 2025-06-17, now: 2025-06-18)
2025/06/18 13:27:43 🏠 Bill ID=100, Name=hamburguer, Month=2025-06, Paid=true
